d:\quick access files\oop\homework\a45\a45\a45\x64\debug\vc143.pdb
d:\quick access files\oop\homework\a45\a45\a45\x64\debug\vc143.idb
d:\quick access files\oop\homework\a45\a45\a45\x64\debug\validation.obj
d:\quick access files\oop\homework\a45\a45\a45\x64\debug\ui.obj
d:\quick access files\oop\homework\a45\a45\a45\x64\debug\test_validation.obj
d:\quick access files\oop\homework\a45\a45\a45\x64\debug\test_service.obj
d:\quick access files\oop\homework\a45\a45\a45\x64\debug\test_repo.obj
d:\quick access files\oop\homework\a45\a45\a45\x64\debug\test_dynamicarray.obj
d:\quick access files\oop\homework\a45\a45\a45\x64\debug\test_domain.obj
d:\quick access files\oop\homework\a45\a45\a45\x64\debug\service.obj
d:\quick access files\oop\homework\a45\a45\a45\x64\debug\repository.obj
d:\quick access files\oop\homework\a45\a45\a45\x64\debug\main.obj
d:\quick access files\oop\homework\a45\a45\a45\x64\debug\domain.obj
d:\quick access files\oop\homework\a45\a45\x64\debug\a45.exe
d:\quick access files\oop\homework\a45\a45\a45\x64\debug\a45.ilk
d:\quick access files\oop\homework\a45\a45\x64\debug\a45.pdb
d:\quick access files\oop\homework\a45\a45\a45\x64\debug\a45.tlog\cl.command.1.tlog
d:\quick access files\oop\homework\a45\a45\a45\x64\debug\a45.tlog\cl.read.1.tlog
d:\quick access files\oop\homework\a45\a45\a45\x64\debug\a45.tlog\cl.write.1.tlog
d:\quick access files\oop\homework\a45\a45\a45\x64\debug\a45.tlog\link.command.1.tlog
d:\quick access files\oop\homework\a45\a45\a45\x64\debug\a45.tlog\link.read.1.tlog
d:\quick access files\oop\homework\a45\a45\a45\x64\debug\a45.tlog\link.write.1.tlog
